// Jest Snapshot v1, https://goo.gl/fbAQLP

exports[`Landing test should test Landing 1`] = `
{
  "asFragment": [Function],
  "baseElement": <body>
    <div>
      <div>
        <a
          href="https://vite.dev"
          rel="noreferrer"
          target="_blank"
        >
          <img
            alt="Vite logo"
            class="logo"
            src="test-file-stub"
          />
        </a>
        <a
          href="https://react.dev"
          rel="noreferrer"
          target="_blank"
        >
          <img
            alt="React logo"
            class="logo react"
            src="test-file-stub"
          />
        </a>
      </div>
      <h1>
        Vite + React
      </h1>
      <div>
        Template para ahorrar tiempo ðŸ˜›
      </div>
    </div>
  </body>,
  "container": <div>
    <div>
      <a
        href="https://vite.dev"
        rel="noreferrer"
        target="_blank"
      >
        <img
          alt="Vite logo"
          class="logo"
          src="test-file-stub"
        />
      </a>
      <a
        href="https://react.dev"
        rel="noreferrer"
        target="_blank"
      >
        <img
          alt="React logo"
          class="logo react"
          src="test-file-stub"
        />
      </a>
    </div>
    <h1>
      Vite + React
    </h1>
    <div>
      Template para ahorrar tiempo ðŸ˜›
    </div>
  </div>,
  "debug": [Function],
  "findAllByAltText": [Function],
  "findAllByDisplayValue": [Function],
  "findAllByLabelText": [Function],
  "findAllByPlaceholderText": [Function],
  "findAllByRole": [Function],
  "findAllByTestId": [Function],
  "findAllByText": [Function],
  "findAllByTitle": [Function],
  "findByAltText": [Function],
  "findByDisplayValue": [Function],
  "findByLabelText": [Function],
  "findByPlaceholderText": [Function],
  "findByRole": [Function],
  "findByTestId": [Function],
  "findByText": [Function],
  "findByTitle": [Function],
  "getAllByAltText": [Function],
  "getAllByDisplayValue": [Function],
  "getAllByLabelText": [Function],
  "getAllByPlaceholderText": [Function],
  "getAllByRole": [Function],
  "getAllByTestId": [Function],
  "getAllByText": [Function],
  "getAllByTitle": [Function],
  "getByAltText": [Function],
  "getByDisplayValue": [Function],
  "getByLabelText": [Function],
  "getByPlaceholderText": [Function],
  "getByRole": [Function],
  "getByTestId": [Function],
  "getByText": [Function],
  "getByTitle": [Function],
  "queryAllByAltText": [Function],
  "queryAllByDisplayValue": [Function],
  "queryAllByLabelText": [Function],
  "queryAllByPlaceholderText": [Function],
  "queryAllByRole": [Function],
  "queryAllByTestId": [Function],
  "queryAllByText": [Function],
  "queryAllByTitle": [Function],
  "queryByAltText": [Function],
  "queryByDisplayValue": [Function],
  "queryByLabelText": [Function],
  "queryByPlaceholderText": [Function],
  "queryByRole": [Function],
  "queryByTestId": [Function],
  "queryByText": [Function],
  "queryByTitle": [Function],
  "rerender": [Function],
  "unmount": [Function],
}
`;
